// Jest Snapshot v1, https://goo.gl/fbAQLP

exports[`convertMarkdownToHTML throws an error for invalid markdown syntax 1`] = `
"invalid markdown <details are below>
{
  "**_invalid syntax_**": "Embedding styles within each other is prohibited"
}"
`;
